// Jest Snapshot v1, https://goo.gl/fbAQLP

exports[`Upload renders correctly 1`] = `
<section
  className="w-full h-full flex flex-col"
>
  <div
    className="w-full fixed top-0 left-0 bg-white"
  />
  <section
    className="w-full md:max-w-2xl lg:max-w-3xl mx-auto flex-1 px-3 md:px-0 pt-[66px]"
  >
    <div
      className="flex justify-center"
    >
      <h2
        className="text-lg md:text-base lg:text-xl m-6 md:m-8 lg:m-10 font-semibold"
      >
        Upload your drawing
      </h2>
    </div>
    <div
      className="w-full grid grid-cols-1 md:grid-cols-2 gap-1 md:gap-2 lg:gap-3 mb-6 md:mb-8 lg:mb-10"
    >
      <div
        className="h-[291px] md:h-[249px] text-xs md:text-sm lg:text-base flex items-center justify-center rounded-lg border border-superLightGray shadow-inner shadow-xl"
      />
      <div
        className="h-[291px] md:h-[249px] text-xs md:text-sm lg:text-base flex items-center justify-center rounded-lg border border-superLightGray shadow-inner shadow-xl"
      >
        <svg
          fill="currentColor"
          height="1em"
          stroke="currentColor"
          strokeWidth="0"
          style={
            Object {
              "color": undefined,
            }
          }
          viewBox="0 0 16 16"
          width="1em"
          xmlns="http://www.w3.org/2000/svg"
        >
          <path
            d="M8 2a.5.5 0 0 1 .5.5v5h5a.5.5 0 0 1 0 1h-5v5a.5.5 0 0 1-1 0v-5h-5a.5.5 0 0 1 0-1h5v-5A.5.5 0 0 1 8 2Z"
            fillRule="evenodd"
          />
        </svg>
      </div>
    </div>
    <div />
    <form
      onSubmit={[Function]}
    >
      <label
        className="text-xs md:text-sm lg:text-base mb-1 md:mb-2"
        htmlFor="title"
      >
        Title
      </label>
       
      <br />
      <input
        className="w-full px-1 md:px-2 py-1 md:py-2 text-xs md:text-sm lg:text-base outline-none rounded-md border border-superLightGray mb-1 md:mb-2 placeholder:text-superLightGray placeholder:italic placeholder:text-xs md:placeholder:text-sm lg:placeholder:text-base"
        id="title"
        name="title"
        onChange={[Function]}
        placeholder="Title"
        required={true}
        type="text"
        value=""
      />
      <br />
      <label
        className="text-xs md:text-sm lg:text-base mb-1 md:mb-2"
        htmlFor="brush"
      >
        Brush
      </label>
       
      <br />
      <input
        className="w-full px-1 md:px-2 py-1 md:py-2 text-xs md:text-sm lg:text-base outline-none rounded-md border border-superLightGray mb-1 md:mb-2 placeholder:text-superLightGray placeholder:italic placeholder:text-xs md:placeholder:text-sm lg:placeholder:text-base"
        id="brush"
        name="brush"
        onChange={[Function]}
        placeholder="(Optional) Brush"
        type="text"
        value=""
      />
      <br />
      <label
        className="text-xs md:text-sm lg:text-base mb-1 md:mb-2"
        htmlFor="description"
      >
        Say something
      </label>
      <br />
      <textarea
        className="w-full px-1 md:px-2 py-1 md:py-2 text-xs md:text-sm lg:text-base outline-none rounded-md border border-superLightGray mb-1 md:mb-2 placeholder:text-superLightGray placeholder:italic placeholder:text-xs md:placeholder:text-sm lg:placeholder:text-base"
        cols="30"
        id="description"
        name="description"
        onChange={[Function]}
        placeholder="(Optional) Say something"
        rows="3"
        value=""
      />
      <br />
      <div
        className="flex justify-center"
      >
        <button
          className="w-52 md:w-56 lg:w-60 text-xs md:text-sm lg:text-base py-1 md:py-2 px-1 md:px-2 my-2 md:my-4 lg:my-6 font-semibold text-center text-white bg-brand rounded-2xl hover:scale-105 hover:shadow-xl transition-all delay-150 duration-300 ease-in-out"
        >
          Submit
        </button>
      </div>
    </form>
  </section>
</section>
`;
